[thomas@bettyx Part12]$ docker container run -it ubuntu bash
root@99bf0ecc62b0:/# mkdir /usr/src/app                  
root@99bf0ecc62b0:/# nano /usr/src/app/index.js
bash: nano: command not found
root@99bf0ecc62b0:/# apt-get update
Get:1 http://security.ubuntu.com/ubuntu jammy-security InRelease [110 kB]
Get:2 http://archive.ubuntu.com/ubuntu jammy InRelease [270 kB]                    
Get:3 http://security.ubuntu.com/ubuntu jammy-security/restricted amd64 Packages [61.3 kB]
Get:4 http://security.ubuntu.com/ubuntu jammy-security/main amd64 Packages [81.9 kB]
Get:5 http://security.ubuntu.com/ubuntu jammy-security/universe amd64 Packages [57.1 kB]
Get:6 http://archive.ubuntu.com/ubuntu jammy-updates InRelease [109 kB]                 
Get:7 http://archive.ubuntu.com/ubuntu jammy-backports InRelease [90.7 kB]
Get:8 http://archive.ubuntu.com/ubuntu jammy/main amd64 Packages [1792 kB]
Get:9 http://archive.ubuntu.com/ubuntu jammy/multiverse amd64 Packages [266 kB]
Get:10 http://archive.ubuntu.com/ubuntu jammy/restricted amd64 Packages [164 kB]
Get:11 http://archive.ubuntu.com/ubuntu jammy/universe amd64 Packages [17.5 MB]
Get:12 http://archive.ubuntu.com/ubuntu jammy-updates/main amd64 Packages [94.8 kB]                                                                        
Get:13 http://archive.ubuntu.com/ubuntu jammy-updates/restricted amd64 Packages [61.3 kB]                                                                  
Get:14 http://archive.ubuntu.com/ubuntu jammy-updates/universe amd64 Packages [71.4 kB]                                                                    
Fetched 20.7 MB in 11s (1938 kB/s)                                                                                                                         
Reading package lists... Done
root@99bf0ecc62b0:/# apt-get -y install nano
Reading package lists... Done
Building dependency tree... Done
Reading state information... Done
Suggested packages:
  hunspell
The following NEW packages will be installed:
  nano
0 upgraded, 1 newly installed, 0 to remove and 3 not upgraded.
Need to get 280 kB of archives.
After this operation, 881 kB of additional disk space will be used.
Get:1 http://archive.ubuntu.com/ubuntu jammy/main amd64 nano amd64 6.2-1 [280 kB]
Fetched 280 kB in 1s (384 kB/s)
debconf: delaying package configuration, since apt-utils is not installed
Selecting previously unselected package nano.
(Reading database ... 4395 files and directories currently installed.)
Preparing to unpack .../archives/nano_6.2-1_amd64.deb ...
Unpacking nano (6.2-1) ...
Setting up nano (6.2-1) ...
update-alternatives: using /bin/nano to provide /usr/bin/editor (editor) in auto mode
update-alternatives: warning: skip creation of /usr/share/man/man1/editor.1.gz because associated file /usr/share/man/man1/nano.1.gz (of link group editor) doesn't exist
update-alternatives: using /bin/nano to provide /usr/bin/pico (pico) in auto mode
update-alternatives: warning: skip creation of /usr/share/man/man1/pico.1.gz because associated file /usr/share/man/man1/nano.1.gz (of link group pico) doesn't exist
root@99bf0ecc62b0:/# nano /usr/src/app/index.js